<?xml version="1.0" encoding="UTF-8" standalone="yes"?>
<!--
Copyright 2012 Harald Postner.

Licensed under the Apache License, Version 2.0 (the "License");
you may not use this file except in compliance with the License.
You may obtain a copy of the License at

     http://www.apache.org/licenses/LICENSE-2.0

Unless required by applicable law or agreed to in writing, software
distributed under the License is distributed on an "AS IS" BASIS,
WITHOUT WARRANTIES OR CONDITIONS OF ANY KIND, either express or implied.
See the License for the specific language governing permissions and
limitations under the License.
-->
<!--
An example for the unit tests...
-->
<container>
    <rootfiles>
        <rootfile full-path="file:///_1_Introit.xml" media-type="text/repetitormedia+xml"/>
        <rootfile full-path="file:///_2_Offertoire.xml" media-type="text/repetitormedia+xml"/>
        <rootfile full-path="file:///_3_Sanctus.xml" media-type="text/repetitormedia+xml"/>
        <rootfile full-path="file:///patrozinium/_1_Kyrie.xml" media-type="text/repetitormedia+xml"/>
    </rootfiles>
</container>
